2024-08-06 00:11:23 INFO  TC001_Registration:25 - ******Registration is started********
2024-08-06 00:11:27 INFO  TC001_Registration:50 - *****Registration is completed********
2024-08-06 00:11:35 INFO  TC002_Login:19 - ******Login Started******
2024-08-06 00:11:37 INFO  TC002_Login:35 - *******Login Success**********
2024-08-06 00:11:45 DEBUG PackageRelationshipCollection:307 - Parsing relationship: /xl/_rels/workbook.xml.rels
2024-08-06 00:11:45 DEBUG PackageRelationshipCollection:307 - Parsing relationship: /xl/worksheets/_rels/sheet1.xml.rels
2024-08-06 00:11:45 DEBUG PackageRelationshipCollection:307 - Parsing relationship: /_rels/.rels
2024-08-06 00:11:46 DEBUG POIXMLFactory:65 - using default POIXMLDocumentPart for http://schemas.openxmlformats.org/officeDocument/2006/relationships/printerSettings
2024-08-06 00:11:46 DEBUG PackageRelationshipCollection:307 - Parsing relationship: /xl/_rels/workbook.xml.rels
2024-08-06 00:11:46 DEBUG PackageRelationshipCollection:307 - Parsing relationship: /xl/worksheets/_rels/sheet1.xml.rels
2024-08-06 00:11:46 DEBUG PackageRelationshipCollection:307 - Parsing relationship: /_rels/.rels
2024-08-06 00:11:46 DEBUG POIXMLFactory:65 - using default POIXMLDocumentPart for http://schemas.openxmlformats.org/officeDocument/2006/relationships/printerSettings
2024-08-06 00:11:47 DEBUG PackageRelationshipCollection:307 - Parsing relationship: /xl/_rels/workbook.xml.rels
2024-08-06 00:11:47 DEBUG PackageRelationshipCollection:307 - Parsing relationship: /xl/worksheets/_rels/sheet1.xml.rels
2024-08-06 00:11:47 DEBUG PackageRelationshipCollection:307 - Parsing relationship: /_rels/.rels
2024-08-06 00:11:47 DEBUG POIXMLFactory:65 - using default POIXMLDocumentPart for http://schemas.openxmlformats.org/officeDocument/2006/relationships/printerSettings
2024-08-06 00:11:47 DEBUG PackageRelationshipCollection:307 - Parsing relationship: /xl/_rels/workbook.xml.rels
2024-08-06 00:11:47 DEBUG PackageRelationshipCollection:307 - Parsing relationship: /xl/worksheets/_rels/sheet1.xml.rels
2024-08-06 00:11:47 DEBUG PackageRelationshipCollection:307 - Parsing relationship: /_rels/.rels
2024-08-06 00:11:47 DEBUG POIXMLFactory:65 - using default POIXMLDocumentPart for http://schemas.openxmlformats.org/officeDocument/2006/relationships/printerSettings
2024-08-06 00:11:47 DEBUG PackageRelationshipCollection:307 - Parsing relationship: /xl/_rels/workbook.xml.rels
2024-08-06 00:11:47 DEBUG PackageRelationshipCollection:307 - Parsing relationship: /xl/worksheets/_rels/sheet1.xml.rels
2024-08-06 00:11:47 DEBUG PackageRelationshipCollection:307 - Parsing relationship: /_rels/.rels
2024-08-06 00:11:47 DEBUG POIXMLFactory:65 - using default POIXMLDocumentPart for http://schemas.openxmlformats.org/officeDocument/2006/relationships/printerSettings
2024-08-06 00:11:47 DEBUG PackageRelationshipCollection:307 - Parsing relationship: /xl/_rels/workbook.xml.rels
2024-08-06 00:11:47 DEBUG PackageRelationshipCollection:307 - Parsing relationship: /xl/worksheets/_rels/sheet1.xml.rels
2024-08-06 00:11:47 DEBUG PackageRelationshipCollection:307 - Parsing relationship: /_rels/.rels
2024-08-06 00:11:47 DEBUG POIXMLFactory:65 - using default POIXMLDocumentPart for http://schemas.openxmlformats.org/officeDocument/2006/relationships/printerSettings
2024-08-06 00:11:47 DEBUG PackageRelationshipCollection:307 - Parsing relationship: /xl/_rels/workbook.xml.rels
2024-08-06 00:11:47 DEBUG PackageRelationshipCollection:307 - Parsing relationship: /xl/worksheets/_rels/sheet1.xml.rels
2024-08-06 00:11:47 DEBUG PackageRelationshipCollection:307 - Parsing relationship: /_rels/.rels
2024-08-06 00:11:47 DEBUG POIXMLFactory:65 - using default POIXMLDocumentPart for http://schemas.openxmlformats.org/officeDocument/2006/relationships/printerSettings
2024-08-06 00:11:47 DEBUG PackageRelationshipCollection:307 - Parsing relationship: /xl/_rels/workbook.xml.rels
2024-08-06 00:11:47 DEBUG PackageRelationshipCollection:307 - Parsing relationship: /xl/worksheets/_rels/sheet1.xml.rels
2024-08-06 00:11:47 DEBUG PackageRelationshipCollection:307 - Parsing relationship: /_rels/.rels
2024-08-06 00:11:47 DEBUG POIXMLFactory:65 - using default POIXMLDocumentPart for http://schemas.openxmlformats.org/officeDocument/2006/relationships/printerSettings
2024-08-06 00:11:47 DEBUG PackageRelationshipCollection:307 - Parsing relationship: /xl/_rels/workbook.xml.rels
2024-08-06 00:11:47 DEBUG PackageRelationshipCollection:307 - Parsing relationship: /xl/worksheets/_rels/sheet1.xml.rels
2024-08-06 00:11:47 DEBUG PackageRelationshipCollection:307 - Parsing relationship: /_rels/.rels
2024-08-06 00:11:47 DEBUG POIXMLFactory:65 - using default POIXMLDocumentPart for http://schemas.openxmlformats.org/officeDocument/2006/relationships/printerSettings
2024-08-06 00:11:47 DEBUG PackageRelationshipCollection:307 - Parsing relationship: /xl/_rels/workbook.xml.rels
2024-08-06 00:11:47 DEBUG PackageRelationshipCollection:307 - Parsing relationship: /xl/worksheets/_rels/sheet1.xml.rels
2024-08-06 00:11:47 DEBUG PackageRelationshipCollection:307 - Parsing relationship: /_rels/.rels
2024-08-06 00:11:47 DEBUG POIXMLFactory:65 - using default POIXMLDocumentPart for http://schemas.openxmlformats.org/officeDocument/2006/relationships/printerSettings
2024-08-06 00:11:47 DEBUG PackageRelationshipCollection:307 - Parsing relationship: /xl/_rels/workbook.xml.rels
2024-08-06 00:11:47 DEBUG PackageRelationshipCollection:307 - Parsing relationship: /xl/worksheets/_rels/sheet1.xml.rels
2024-08-06 00:11:47 DEBUG PackageRelationshipCollection:307 - Parsing relationship: /_rels/.rels
2024-08-06 00:11:47 DEBUG POIXMLFactory:65 - using default POIXMLDocumentPart for http://schemas.openxmlformats.org/officeDocument/2006/relationships/printerSettings
2024-08-06 00:11:47 DEBUG PackageRelationshipCollection:307 - Parsing relationship: /xl/_rels/workbook.xml.rels
2024-08-06 00:11:47 DEBUG PackageRelationshipCollection:307 - Parsing relationship: /xl/worksheets/_rels/sheet1.xml.rels
2024-08-06 00:11:47 DEBUG PackageRelationshipCollection:307 - Parsing relationship: /_rels/.rels
2024-08-06 00:11:47 DEBUG POIXMLFactory:65 - using default POIXMLDocumentPart for http://schemas.openxmlformats.org/officeDocument/2006/relationships/printerSettings
2024-08-06 00:11:47 DEBUG PackageRelationshipCollection:307 - Parsing relationship: /xl/_rels/workbook.xml.rels
2024-08-06 00:11:47 DEBUG PackageRelationshipCollection:307 - Parsing relationship: /xl/worksheets/_rels/sheet1.xml.rels
2024-08-06 00:11:47 DEBUG PackageRelationshipCollection:307 - Parsing relationship: /_rels/.rels
2024-08-06 00:11:47 DEBUG POIXMLFactory:65 - using default POIXMLDocumentPart for http://schemas.openxmlformats.org/officeDocument/2006/relationships/printerSettings
2024-08-06 00:11:47 DEBUG PackageRelationshipCollection:307 - Parsing relationship: /xl/_rels/workbook.xml.rels
2024-08-06 00:11:47 DEBUG PackageRelationshipCollection:307 - Parsing relationship: /xl/worksheets/_rels/sheet1.xml.rels
2024-08-06 00:11:47 DEBUG PackageRelationshipCollection:307 - Parsing relationship: /_rels/.rels
2024-08-06 00:11:47 DEBUG POIXMLFactory:65 - using default POIXMLDocumentPart for http://schemas.openxmlformats.org/officeDocument/2006/relationships/printerSettings
2024-08-06 00:11:47 DEBUG PackageRelationshipCollection:307 - Parsing relationship: /xl/_rels/workbook.xml.rels
2024-08-06 00:11:47 DEBUG PackageRelationshipCollection:307 - Parsing relationship: /xl/worksheets/_rels/sheet1.xml.rels
2024-08-06 00:11:47 DEBUG PackageRelationshipCollection:307 - Parsing relationship: /_rels/.rels
2024-08-06 00:11:47 DEBUG POIXMLFactory:65 - using default POIXMLDocumentPart for http://schemas.openxmlformats.org/officeDocument/2006/relationships/printerSettings
2024-08-06 00:11:47 DEBUG PackageRelationshipCollection:307 - Parsing relationship: /xl/_rels/workbook.xml.rels
2024-08-06 00:11:47 DEBUG PackageRelationshipCollection:307 - Parsing relationship: /xl/worksheets/_rels/sheet1.xml.rels
2024-08-06 00:11:47 DEBUG PackageRelationshipCollection:307 - Parsing relationship: /_rels/.rels
2024-08-06 00:11:47 DEBUG POIXMLFactory:65 - using default POIXMLDocumentPart for http://schemas.openxmlformats.org/officeDocument/2006/relationships/printerSettings
2024-08-06 00:11:47 DEBUG PackageRelationshipCollection:307 - Parsing relationship: /xl/_rels/workbook.xml.rels
2024-08-06 00:11:47 DEBUG PackageRelationshipCollection:307 - Parsing relationship: /xl/worksheets/_rels/sheet1.xml.rels
2024-08-06 00:11:47 DEBUG PackageRelationshipCollection:307 - Parsing relationship: /_rels/.rels
2024-08-06 00:11:47 DEBUG POIXMLFactory:65 - using default POIXMLDocumentPart for http://schemas.openxmlformats.org/officeDocument/2006/relationships/printerSettings
